=== 特定のケースのテスト ===

ケース1: メモリー = 0.5の特別ルール
入力: メモリー: 0.5, 見当識: 1, 判断力: 1, 社会適応: 1, 家庭: 0, 介護: 0
結果: CDR = 1
説明: ルール2: メモリー(0.5)より大きいスコアの二次カテゴリーが3個あるため、多数派のスコアを採用
-------------------
ケース2: メモリー = 0の特別ルール
入力: メモリー: 0, 見当識: 0.5, 判断力: 0.5, 社会適応: 0, 家庭: 0, 介護: 0
結果: CDR = 0
説明: ルール1: メモリーと同じスコア(0)の二次カテゴリーが3個あるため、CDR = 0
-------------------
ケース3: ルール1 - メモリーと同じスコアの二次カテゴリーが3つ以上
入力: メモリー: 2, 見当識: 2, 判断力: 2, 社会適応: 2, 家庭: 1, 介護: 0
結果: CDR = 2
説明: ルール1: メモリーと同じスコア(2)の二次カテゴリーが3個あるため、CDR = 2
-------------------
ケース4: ルール2 - 3つ以上の二次カテゴリーがメモリーより大きい
入力: メモリー: 1, 見当識: 2, 判断力: 2, 社会適応: 2, 家庭: 0, 介護: 0
結果: CDR = 2
説明: ルール2: メモリー(1)より大きいスコアの二次カテゴリーが3個あるため、多数派のスコアを採用
-------------------
ケース5: ルール2 - 3つ以上の二次カテゴリーがメモリーより小さい
入力: メモリー: 2, 見当識: 1, 判断力: 1, 社会適応: 1, 家庭: 3, 介護: 3
結果: CDR = 1
説明: ルール2: メモリー(2)より小さいスコアの二次カテゴリーが3個あるため、多数派のスコアを採用
-------------------
ケース6: ルール3 - 3つの二次カテゴリーがメモリーの一方の側にあり、2つが他方の側にある
入力: メモリー: 2, 見当識: 3, 判断力: 3, 社会適応: 3, 家庭: 1, 介護: 1
結果: CDR = 3
説明: ルール2: メモリー(2)より大きいスコアの二次カテゴリーが3個あるため、多数派のスコアを採用
-------------------
ケース7: ルール6 - メモリー = 1以上の場合、CDRは0にはならない
入力: メモリー: 1, 見当識: 0, 判断力: 0, 社会適応: 0, 家庭: 0, 介護: 0
結果: CDR = 0.5
説明: ルール6: メモリー(1)が1以上で、多数派のスコアが0のため、CDR = 0.5
-------------------
ケース8: メモリーと4つの二次カテゴリーが0.5、1つが0の場合
入力: メモリー: 0.5, 見当識: 0.5, 判断力: 0.5, 社会適応: 0.5, 家庭: 0.5, 介護: 0
結果: CDR = 0.5
説明: ルール1: メモリーと同じスコア(0.5)の二次カテゴリーが4個あるため、CDR = 0.5
-------------------

=== すべての組み合わせのテスト ===

テスト完了: 15625ケースをテストしました
興味深いケース: 9706件

=== CDRスコアの分布 ===

CDR 0: 362件 (2.32%)
CDR 1: 3519件 (22.52%)
CDR 2: 3304件 (21.15%)
CDR 3: 2749件 (17.59%)
CDR 0.5: 5691件 (36.42%)

=== ルール適用の分布 ===

ルール1: 905件 (5.79%)
ルール2-大きい: 6250件 (40.00%)
ルール2-小さい: 4307件 (27.56%)
ルール3: 0件 (0.00%)
ルール4: 630件 (4.03%)
ルール5: 0件 (0.00%)
ルール6: 2291件 (14.66%)
デフォルト: 1242件 (7.95%)

=== 興味深いケースの詳細 ===

ケース 1:
メモリー: 0, 見当識: 0, 判断力: 0, 社会適応: 0.5, 家庭: 0.5, 介護: 0.5
CDRスコア: 0.5
説明: ルール2: メモリー(0)より大きいスコアの二次カテゴリーが3個あるため、多数派のスコアを採用
-------------------
ケース 2:
メモリー: 0, 見当識: 0, 判断力: 0, 社会適応: 0.5, 家庭: 0.5, 介護: 1
CDRスコア: 0.5
説明: ルール2: メモリー(0)より大きいスコアの二次カテゴリーが3個あるため、多数派のスコアを採用
-------------------
ケース 3:
メモリー: 0, 見当識: 0, 判断力: 0, 社会適応: 0.5, 家庭: 0.5, 介護: 2
CDRスコア: 0.5
説明: ルール2: メモリー(0)より大きいスコアの二次カテゴリーが3個あるため、多数派のスコアを採用
-------------------
ケース 4:
メモリー: 0, 見当識: 0, 判断力: 0, 社会適応: 0.5, 家庭: 0.5, 介護: 3
CDRスコア: 0.5
説明: ルール2: メモリー(0)より大きいスコアの二次カテゴリーが3個あるため、多数派のスコアを採用
-------------------
ケース 5:
メモリー: 0, 見当識: 0, 判断力: 0, 社会適応: 0.5, 家庭: 1, 介護: 0.5
CDRスコア: 0.5
説明: ルール2: メモリー(0)より大きいスコアの二次カテゴリーが3個あるため、多数派のスコアを採用
-------------------
ケース 6:
メモリー: 0, 見当識: 0, 判断力: 0, 社会適応: 0.5, 家庭: 1, 介護: 1
CDRスコア: 1
説明: ルール2: メモリー(0)より大きいスコアの二次カテゴリーが3個あるため、多数派のスコアを採用
-------------------
ケース 7:
メモリー: 0, 見当識: 0, 判断力: 0, 社会適応: 0.5, 家庭: 1, 介護: 2
CDRスコア: 0.5
説明: ルール2: メモリー(0)より大きいスコアの二次カテゴリーが3個あるため、多数派のスコアを採用
-------------------
ケース 8:
メモリー: 0, 見当識: 0, 判断力: 0, 社会適応: 0.5, 家庭: 1, 介護: 3
CDRスコア: 0.5
説明: ルール2: メモリー(0)より大きいスコアの二次カテゴリーが3個あるため、多数派のスコアを採用
-------------------
ケース 9:
メモリー: 0, 見当識: 0, 判断力: 0, 社会適応: 0.5, 家庭: 2, 介護: 0.5
CDRスコア: 0.5
説明: ルール2: メモリー(0)より大きいスコアの二次カテゴリーが3個あるため、多数派のスコアを採用
-------------------
ケース 10:
メモリー: 0, 見当識: 0, 判断力: 0, 社会適応: 0.5, 家庭: 2, 介護: 1
CDRスコア: 0.5
説明: ルール2: メモリー(0)より大きいスコアの二次カテゴリーが3個あるため、多数派のスコアを採用
-------------------
... 他 9696 件のケースは省略されました
